0 floatbase
plain_ns,129303384
wide_ns,288299985
exponent_ns,1847900639


0 outline
plain_ns,137248165
wide_ns,312534905
exponent_ns,189517767


0 widths-base
u8_ns,70951422
i16_ns,128768076
i32_ns,244334814
u64_ns,523224160


0 widths-generic
u8_ns,71377483
i16_ns,72169046
i32_ns,121612949
u64_ns,210084187


0 short-base
u8_2_ns,71928052
i16_2_ns,81152914
i32_2_ns,79680546
u64_2_ns,81015938


0 short-generic
u8_2_ns,71301405
i16_2_ns,85614428
i32_2_ns,89959166
u64_2_ns,91379745


1 floatbase
plain_ns,133311859
wide_ns,287546819
exponent_ns,1824994525


1 outline
plain_ns,136964920
wide_ns,317194875
exponent_ns,191010064


1 widths-base
u8_ns,71349374
i16_ns,131026777
i32_ns,249545582
u64_ns,534400508


1 widths-generic
u8_ns,71428472
i16_ns,71956021
i32_ns,121352434
u64_ns,218906367


1 short-base
u8_2_ns,71377604
i16_2_ns,80017158
i32_2_ns,78792154
u64_2_ns,79062739


1 short-generic
u8_2_ns,71048300
i16_2_ns,85042471
i32_2_ns,89868107
u64_2_ns,91603101


2 floatbase
plain_ns,133275319
wide_ns,290572714
exponent_ns,1847063757


2 outline
plain_ns,137159276
wide_ns,311082366
exponent_ns,190013385


2 widths-base
u8_ns,71610198
i16_ns,131363959
i32_ns,249453034
u64_ns,535819237


2 widths-generic
u8_ns,72992048
i16_ns,71596188
i32_ns,121533230
u64_ns,210177713


2 short-base
u8_2_ns,71803184
i16_2_ns,81582865
i32_2_ns,82316269
u64_2_ns,80262283


2 short-generic
u8_2_ns,71588858
i16_2_ns,85973190
i32_2_ns,90817367
u64_2_ns,92277646


reduce 1 0 0 _base110
global_sum	5024072	1	-500000.0


reduce 1 0 0 110
global_sum	2813010	1	-500000.0


reduce 1 0 1 _base110
global_sum	5027003	1	-500000.0


reduce 1 0 1 110
global_sum	2826670	1	-500000.0


reduce 1 7 0 _base110
global_sum	4547503	1	-429071.0


reduce 1 7 0 110
global_sum	2810980	1	-429071.0


reduce 1 7 1 _base110
global_sum	4548693	1	-429071.0


reduce 1 7 1 110
global_sum	2816419	1	-429071.0


reduce 32 0 0 _base110
global_sum	1588327	1	-500000.0


reduce 32 0 0 110
global_sum	804122	1	-500000.0


reduce 32 0 1 _base110
global_sum	1743932	1	-500000.0


reduce 32 0 1 110
global_sum	794203	1	-500000.0


reduce 32 7 0 _base110
global_sum	1718354	1	-429071.0


reduce 32 7 0 110
global_sum	773903	1	-429071.0


reduce 32 7 1 _base110
global_sum	1543847	1	-429071.0


reduce 32 7 1 110
global_sum	785653	1	-429071.0


chunk 0 read contiguous
iteration,1
read_ns,21143627
consume_ns,250
iteration,2
read_ns,22287823
consume_ns,270
iteration,3
read_ns,23137345
consume_ns,230
iteration,4
read_ns,23185464
consume_ns,250
iteration,5
read_ns,23426759
consume_ns,260
iteration,6
read_ns,22279784
consume_ns,230
iteration,7
read_ns,23377690
consume_ns,290
rows,1000000
chunks,1


chunk 0 read chunked
iteration,1
read_ns,16302311
consume_ns,220
iteration,2
read_ns,15980018
consume_ns,200
iteration,3
read_ns,15374941
consume_ns,520
iteration,4
read_ns,15753553
consume_ns,310
iteration,5
read_ns,16353840
consume_ns,250
iteration,6
read_ns,16426028
consume_ns,320
iteration,7
read_ns,16416749
consume_ns,200
rows,1000000
chunks,256


chunk 0 sum contiguous
iteration,1
read_ns,22984598
consume_ns,1908930
iteration,2
read_ns,22582756
consume_ns,2516507
iteration,3
read_ns,21886012
consume_ns,1872570
iteration,4
read_ns,21417692
consume_ns,2601464
iteration,5
read_ns,23096276
consume_ns,2582275
iteration,6
read_ns,22778742
consume_ns,2138275
iteration,7
read_ns,22796552
consume_ns,2793840
rows,1000000
chunks,1


chunk 0 sum chunked
iteration,1
read_ns,14855162
consume_ns,2969976
iteration,2
read_ns,15019788
consume_ns,2996286
iteration,3
read_ns,15338992
consume_ns,2975356
iteration,4
read_ns,15406411
consume_ns,2966666
iteration,5
read_ns,15820701
consume_ns,2984846
iteration,6
read_ns,16323871
consume_ns,3016895
iteration,7
read_ns,15973478
consume_ns,2984566
rows,1000000
chunks,256


chunk 0 row contiguous
iteration,1
read_ns,25831247
consume_ns,1780
iteration,2
read_ns,22514378
consume_ns,1710
iteration,3
read_ns,23787241
consume_ns,1690
iteration,4
read_ns,22977729
consume_ns,950
iteration,5
read_ns,23321761
consume_ns,1230
iteration,6
read_ns,23501717
consume_ns,1880
iteration,7
read_ns,22483489
consume_ns,1420
rows,1000000
chunks,1


chunk 0 row chunked
iteration,1
read_ns,15903040
consume_ns,1890
iteration,2
read_ns,15730094
consume_ns,2230
iteration,3
read_ns,15603926
consume_ns,2500
iteration,4
read_ns,16236662
consume_ns,2500
iteration,5
read_ns,16151245
consume_ns,2140
iteration,6
read_ns,16462498
consume_ns,2250
iteration,7
read_ns,16073216
consume_ns,2360
rows,1000000
chunks,256


chunk 0 rechunk contiguous
iteration,1
read_ns,21735185
consume_ns,1680
iteration,2
read_ns,22830171
consume_ns,1730
iteration,3
read_ns,22850981
consume_ns,1260
iteration,4
read_ns,21969900
consume_ns,1660
iteration,5
read_ns,22001999
consume_ns,1930
iteration,6
read_ns,23325781
consume_ns,1980
iteration,7
read_ns,23397199
consume_ns,1520
rows,1000000
chunks,1


chunk 0 rechunk chunked
iteration,1
read_ns,15866751
consume_ns,5090471
iteration,2
read_ns,16135815
consume_ns,5169209
iteration,3
read_ns,16189424
consume_ns,5783526
iteration,4
read_ns,16668404
consume_ns,4953074
iteration,5
read_ns,16922308
consume_ns,4939944
iteration,6
read_ns,16639174
consume_ns,5067292
iteration,7
read_ns,17233641
consume_ns,5513002
rows,1000000
chunks,256


chunk 1 read contiguous
iteration,1
read_ns,22407751
consume_ns,150
iteration,2
read_ns,23367850
consume_ns,160
iteration,3
read_ns,22194515
consume_ns,180
iteration,4
read_ns,22463729
consume_ns,150
iteration,5
read_ns,23082896
consume_ns,160
iteration,6
read_ns,22071877
consume_ns,160
iteration,7
read_ns,23410989
consume_ns,160
rows,1000000
chunks,1


chunk 1 read chunked
iteration,1
read_ns,15568987
consume_ns,480
iteration,2
read_ns,15267743
consume_ns,200
iteration,3
read_ns,15477459
consume_ns,190
iteration,4
read_ns,15690684
consume_ns,200
iteration,5
read_ns,14882381
consume_ns,190
iteration,6
read_ns,16140215
consume_ns,210
iteration,7
read_ns,16318061
consume_ns,200
rows,1000000
chunks,256


chunk 1 sum contiguous
iteration,1
read_ns,22334132
consume_ns,1786452
iteration,2
read_ns,22981868
consume_ns,2351830
iteration,3
read_ns,22280033
consume_ns,2323491
iteration,4
read_ns,22758944
consume_ns,1807671
iteration,5
read_ns,22857520
consume_ns,1940309
iteration,6
read_ns,22259374
consume_ns,1685774
iteration,7
read_ns,23063276
consume_ns,1812901
rows,1000000
chunks,1


chunk 1 sum chunked
iteration,1
read_ns,15145286
consume_ns,2966816
iteration,2
read_ns,15575707
consume_ns,2972206
iteration,3
read_ns,16155194
consume_ns,3013415
iteration,4
read_ns,15453169
consume_ns,2996446
iteration,5
read_ns,16268842
consume_ns,2983166
iteration,6
read_ns,15330682
consume_ns,2997696
iteration,7
read_ns,17417088
consume_ns,3011285
rows,1000000
chunks,256


chunk 1 row contiguous
iteration,1
read_ns,23188544
consume_ns,1330
iteration,2
read_ns,22916930
consume_ns,1410
iteration,3
read_ns,21614248
consume_ns,780
iteration,4
read_ns,22750543
consume_ns,1380
iteration,5
read_ns,23109395
consume_ns,980
iteration,6
read_ns,23311311
consume_ns,1260
iteration,7
read_ns,22815562
consume_ns,1350
rows,1000000
chunks,1


chunk 1 row chunked
iteration,1
read_ns,15927239
consume_ns,1960
iteration,2
read_ns,15634786
consume_ns,1900
iteration,3
read_ns,15048827
consume_ns,2110
iteration,4
read_ns,15563627
consume_ns,2120
iteration,5
read_ns,15290483
consume_ns,2070
iteration,6
read_ns,15800602
consume_ns,1990
iteration,7
read_ns,15178505
consume_ns,1730
rows,1000000
chunks,256


chunk 1 rechunk contiguous
iteration,1
read_ns,23701183
consume_ns,1150
iteration,2
read_ns,22269944
consume_ns,1440
iteration,3
read_ns,22616836
consume_ns,1280
iteration,4
read_ns,21881411
consume_ns,1250
iteration,5
read_ns,23018608
consume_ns,1280
iteration,6
read_ns,22693134
consume_ns,1160
iteration,7
read_ns,22763383
consume_ns,1320
rows,1000000
chunks,1


chunk 1 rechunk chunked
iteration,1
read_ns,17176802
consume_ns,4981453
iteration,2
read_ns,15585857
consume_ns,4975123
iteration,3
read_ns,16562606
consume_ns,5378575
iteration,4
read_ns,16752851
consume_ns,5783756
iteration,5
read_ns,16105515
consume_ns,4918275
iteration,6
read_ns,16838980
consume_ns,4942604
iteration,7
read_ns,17381258
consume_ns,5106921
rows,1000000
chunks,256


chunk 2 read contiguous
iteration,1
read_ns,22551478
consume_ns,150
iteration,2
read_ns,22481979
consume_ns,180
iteration,3
read_ns,22384092
consume_ns,150
iteration,4
read_ns,22057158
consume_ns,150
iteration,5
read_ns,21648596
consume_ns,140
iteration,6
read_ns,26561341
consume_ns,150
iteration,7
read_ns,23725482
consume_ns,150
rows,1000000
chunks,1


chunk 2 read chunked
iteration,1
read_ns,16940977
consume_ns,350
iteration,2
read_ns,16662084
consume_ns,250
iteration,3
read_ns,15606116
consume_ns,250
iteration,4
read_ns,14897071
consume_ns,250
iteration,5
read_ns,14968050
consume_ns,280
iteration,6
read_ns,15919279
consume_ns,250
iteration,7
read_ns,15965878
consume_ns,280
rows,1000000
chunks,256


chunk 2 sum contiguous
iteration,1
read_ns,26311967
consume_ns,2508296
iteration,2
read_ns,23075816
consume_ns,1831391
iteration,3
read_ns,27543581
consume_ns,2131625
iteration,4
read_ns,24996345
consume_ns,1957228
iteration,5
read_ns,22757702
consume_ns,1555937
iteration,6
read_ns,21325784
consume_ns,2435478
iteration,7
read_ns,22517538
consume_ns,2432818
rows,1000000
chunks,1


chunk 2 sum chunked
iteration,1
read_ns,15566877
consume_ns,2978576
iteration,2
read_ns,15353002
consume_ns,2974216
iteration,3
read_ns,16005047
consume_ns,3006676
iteration,4
read_ns,15853580
consume_ns,2992656
iteration,5
read_ns,16639084
consume_ns,2995996
iteration,6
read_ns,15569847
consume_ns,3001336
iteration,7
read_ns,15524268
consume_ns,3005896
rows,1000000
chunks,256


chunk 2 row contiguous
iteration,1
read_ns,23274892
consume_ns,1030
iteration,2
read_ns,23382120
consume_ns,1310
iteration,3
read_ns,23000477
consume_ns,1190
iteration,4
read_ns,23671773
consume_ns,1190
iteration,5
read_ns,23638614
consume_ns,1320
iteration,6
read_ns,22858461
consume_ns,1540
iteration,7
read_ns,22678644
consume_ns,1160
rows,1000000
chunks,1


chunk 2 row chunked
iteration,1
read_ns,15635845
consume_ns,2810
iteration,2
read_ns,15827011
consume_ns,2090
iteration,3
read_ns,17037715
consume_ns,2340
iteration,4
read_ns,16086786
consume_ns,1920
iteration,5
read_ns,16354230
consume_ns,2350
iteration,6
read_ns,15689754
consume_ns,2970
iteration,7
read_ns,15530708
consume_ns,2560
rows,1000000
chunks,256


chunk 2 rechunk contiguous
iteration,1
read_ns,22244034
consume_ns,1920
iteration,2
read_ns,22864990
consume_ns,1500
iteration,3
read_ns,22390031
consume_ns,1550
iteration,4
read_ns,24130994
consume_ns,1570
iteration,5
read_ns,23541817
consume_ns,1440
iteration,6
read_ns,23483537
consume_ns,1740
iteration,7
read_ns,22719344
consume_ns,1440
rows,1000000
chunks,1


chunk 2 rechunk chunked
iteration,1
read_ns,17085914
consume_ns,5435274
iteration,2
read_ns,17167893
consume_ns,5304826
iteration,3
read_ns,16791011
consume_ns,4923574
iteration,4
read_ns,16377250
consume_ns,4848976
iteration,5
read_ns,16221403
consume_ns,5023653
iteration,6
read_ns,15442110
consume_ns,5007232
iteration,7
read_ns,16255552
consume_ns,5064852
rows,1000000
chunks,256


sort_radix_experiment threads=1
workload,rows,merge_ns,radix_ns
encoded_rank_only_repeated_int64,1000000,270999130,48675179


join_expand_experiment threads=1
workload,left_rows,right_rows,output_rows,workers,serial_ns,parallel_ns
inner_expand,1000000,500000,1001111,2,25344677,23168264


sort_topk_experiment threads=1
workload,rows,k,full_sort_ns,top_k_ns
nullable_duplicate_int64,1000000,10,408083077,12817196


dictionary threads=1 distinct=100
encode_ns,28172547
string_group_ns,42108498
code_group_ns,24021886
string_payload_bytes,28125008
dictionary_payload_bytes,4127821


dictionary threads=1 distinct=100000
encode_ns,41854315
string_group_ns,58763723
code_group_ns,34728367
string_payload_bytes,28125008
dictionary_payload_bytes,6937508


sort_radix_experiment threads=32
workload,rows,merge_ns,radix_ns
encoded_rank_only_repeated_int64,1000000,29342792,62668529


join_expand_experiment threads=32
workload,left_rows,right_rows,output_rows,workers,serial_ns,parallel_ns
inner_expand,1000000,500000,1001111,32,24546795,9615064


sort_topk_experiment threads=32
workload,rows,k,full_sort_ns,top_k_ns
nullable_duplicate_int64,1000000,10,50146067,13128080


dictionary threads=32 distinct=100
encode_ns,28215446
string_group_ns,38431908
code_group_ns,20868313
string_payload_bytes,28125008
dictionary_payload_bytes,4127821


dictionary threads=32 distinct=100000

stack trace was not collected. Enable stack trace collection with environment variable `MODULAR_DEBUG=stack-trace-on-error`
Unhandled exception caught during execution: group sums differ

FULL BASELINE threads=1
# polars=1.44.2 threads=1 reps=3 machine=x86_64 Linux
| workload | rows | dataframe_mojo ms | polars ms | mojo / polars |
|---|---|---|---|---|
| csv_read | 1,000,000 | 320.73 | 213.46 | 1.5x |
| arithmetic_chain | 1,000,000 | 19.49 | 2.26 | 8.6x |
| nullable_compare | 1,000,000 | 16.97 | 0.87 | 19.5x |
| filter | 1,000,000 | 51.33 | 7.23 | 7.1x |
| global_sum | 1,000,000 | 4.67 | 0.63 | 7.4x |
| grouped_low | 1,000,000 | 27.69 | 21.09 | 1.3x |
| grouped_high | 1,000,000 | 44.43 | 61.74 | 0.7x |
| grouped_skew | 1,000,000 | 28.32 | 25.18 | 1.1x |
| grouped_str | 1,000,000 | 37.02 | 35.11 | 1.1x |
| join_inner | 1,000,000 | 176.71 | 131.18 | 1.3x |
| sort_multi | 1,000,000 | 705.93 | 356.11 | 2.0x |
| csv_read | 10,000,000 | 3778.23 | 2258.07 | 1.7x |
| arithmetic_chain | 10,000,000 | 198.13 | 17.78 | 11.1x |
| nullable_compare | 10,000,000 | 171.90 | 7.52 | 22.9x |
| filter | 10,000,000 | 525.88 | 69.18 | 7.6x |
| global_sum | 10,000,000 | 47.57 | 7.54 | 6.3x |
| grouped_low | 10,000,000 | 284.44 | 207.45 | 1.4x |
| grouped_high | 10,000,000 | 1116.91 | 1383.23 | 0.8x |
| grouped_skew | 10,000,000 | 290.31 | 218.63 | 1.3x |
| grouped_str | 10,000,000 | 379.43 | 439.74 | 0.9x |
| join_inner | 10,000,000 | 5077.84 | 1912.55 | 2.7x |
| sort_multi | 10,000,000 | 17274.16 | 6559.63 | 2.6x |


FULL BASELINE threads=32
# polars=1.44.2 threads=32 reps=3 machine=x86_64 Linux
| workload | rows | dataframe_mojo ms | polars ms | mojo / polars |
|---|---|---|---|---|
| csv_read | 1,000,000 | 23.91 | 14.39 | 1.7x |
| arithmetic_chain | 1,000,000 | 4.61 | 3.73 | 1.2x |
| nullable_compare | 1,000,000 | 2.64 | 3.76 | 0.7x |
| filter | 1,000,000 | 15.29 | 6.19 | 2.5x |
| global_sum | 1,000,000 | 2.18 | 0.28 | 7.7x |
| grouped_low | 1,000,000 | 23.14 | 13.89 | 1.7x |
| grouped_high | 1,000,000 | 27.04 | 13.56 | 2.0x |
| grouped_skew | 1,000,000 | 23.84 | 14.07 | 1.7x |
| grouped_str | 1,000,000 | 32.72 | 15.77 | 2.1x |
| join_inner | 1,000,000 | 138.20 | 25.67 | 5.4x |
| sort_multi | 1,000,000 | 95.28 | 57.81 | 1.6x |
| csv_read | 10,000,000 | 173.48 | 88.47 | 2.0x |
| arithmetic_chain | 10,000,000 | 32.16 | 9.19 | 3.5x |
| nullable_compare | 10,000,000 | 8.70 | 6.77 | 1.3x |
| filter | 10,000,000 | 101.76 | 27.92 | 3.6x |
| global_sum | 10,000,000 | 12.85 | 1.52 | 8.4x |
| grouped_low | 10,000,000 | 240.79 | 108.27 | 2.2x |
| grouped_high | 10,000,000 | 206.07 | 178.01 | 1.2x |
| grouped_skew | 10,000,000 | 212.68 | 107.80 | 2.0x |
| grouped_str | 10,000,000 | 312.79 | 140.17 | 2.2x |
| join_inner | 10,000,000 | 2661.54 | 175.13 | 15.2x |
| sort_multi | 10,000,000 | 1195.22 | 609.66 | 2.0x |


