
### csv 0 build/bench_polars base
COMMAND ['build/bench_csv_numeric149', 'build/bench_polars', '1000000', '7', '--csv-only']
# threads=32
csv_read	22248692	1000000	-2151.380000000121


### csv 0 build/bench_polars integer
COMMAND ['/tmp/bench_csv_integer_only110', 'build/bench_polars', '1000000', '7', '--csv-only']
# threads=32
csv_read	22341199	1000000	-2151.380000000121


### csv 0 build/bench_polars exponent
COMMAND ['/tmp/bench_csv_exponent_only110', 'build/bench_polars', '1000000', '7', '--csv-only']
# threads=32
csv_read	22616483	1000000	-2151.380000000121


### csv 0 build/bench_polars integrated_outline
COMMAND ['/tmp/bench_csv_integrated_outline110', 'build/bench_polars', '1000000', '7', '--csv-only']
# threads=32
csv_read	22496946	1000000	-2151.380000000121


### csv 0 build/bench_polars integrated
COMMAND ['/tmp/bench_csv_integrated110', 'build/bench_polars', '1000000', '7', '--csv-only']
# threads=32
csv_read	23219280	1000000	-2151.380000000121


### csv 0 build/cpu110_exponent base
COMMAND ['build/bench_csv_numeric149', 'build/cpu110_exponent', '1000000', '7', '--csv-only']
# threads=32
csv_read	53179462	1000000	-2151.380000000121


### csv 0 build/cpu110_exponent integer
COMMAND ['/tmp/bench_csv_integer_only110', 'build/cpu110_exponent', '1000000', '7', '--csv-only']
# threads=32
csv_read	50740827	1000000	-2151.380000000121


### csv 0 build/cpu110_exponent exponent
COMMAND ['/tmp/bench_csv_exponent_only110', 'build/cpu110_exponent', '1000000', '7', '--csv-only']
# threads=32
csv_read	30775335	1000000	-2151.380000000121


### csv 0 build/cpu110_exponent integrated_outline
COMMAND ['/tmp/bench_csv_integrated_outline110', 'build/cpu110_exponent', '1000000', '7', '--csv-only']
# threads=32
csv_read	30119588	1000000	-2151.380000000121


### csv 0 build/cpu110_exponent integrated
COMMAND ['/tmp/bench_csv_integrated110', 'build/cpu110_exponent', '1000000', '7', '--csv-only']
# threads=32
csv_read	32853709	1000000	-2151.380000000121


### csv 1 build/bench_polars base
COMMAND ['build/bench_csv_numeric149', 'build/bench_polars', '1000000', '7', '--csv-only']
# threads=32
csv_read	22322240	1000000	-2151.380000000121


### csv 1 build/bench_polars integer
COMMAND ['/tmp/bench_csv_integer_only110', 'build/bench_polars', '1000000', '7', '--csv-only']
# threads=32
csv_read	22171783	1000000	-2151.380000000121


### csv 1 build/bench_polars exponent
COMMAND ['/tmp/bench_csv_exponent_only110', 'build/bench_polars', '1000000', '7', '--csv-only']
# threads=32
csv_read	23056934	1000000	-2151.380000000121


### csv 1 build/bench_polars integrated_outline
COMMAND ['/tmp/bench_csv_integrated_outline110', 'build/bench_polars', '1000000', '7', '--csv-only']
# threads=32
csv_read	21963198	1000000	-2151.380000000121


### csv 1 build/bench_polars integrated
COMMAND ['/tmp/bench_csv_integrated110', 'build/bench_polars', '1000000', '7', '--csv-only']
# threads=32
csv_read	22506276	1000000	-2151.380000000121


### csv 1 build/cpu110_exponent base
COMMAND ['build/bench_csv_numeric149', 'build/cpu110_exponent', '1000000', '7', '--csv-only']
# threads=32
csv_read	53201712	1000000	-2151.380000000121


### csv 1 build/cpu110_exponent integer
COMMAND ['/tmp/bench_csv_integer_only110', 'build/cpu110_exponent', '1000000', '7', '--csv-only']
# threads=32
csv_read	50889103	1000000	-2151.380000000121


### csv 1 build/cpu110_exponent exponent
COMMAND ['/tmp/bench_csv_exponent_only110', 'build/cpu110_exponent', '1000000', '7', '--csv-only']
# threads=32
csv_read	31583907	1000000	-2151.380000000121


### csv 1 build/cpu110_exponent integrated_outline
COMMAND ['/tmp/bench_csv_integrated_outline110', 'build/cpu110_exponent', '1000000', '7', '--csv-only']
# threads=32
csv_read	30688456	1000000	-2151.380000000121


### csv 1 build/cpu110_exponent integrated
COMMAND ['/tmp/bench_csv_integrated110', 'build/cpu110_exponent', '1000000', '7', '--csv-only']
# threads=32
csv_read	31524258	1000000	-2151.380000000121


### join rss 1000000 base
COMMAND ['/usr/bin/time', '-v', '/tmp/cpu110_base/join_inner_end_to_end', 'build/bench_polars', '1000000', '5']
workload,rows,output_rows,best_ns
inner_join_count_prefix_fill,1000000,1000000,147645498
	Command being timed: "/tmp/cpu110_base/join_inner_end_to_end build/bench_polars 1000000 5"
	User time (seconds): 2.85
	System time (seconds): 0.51
	Percent of CPU this job got: 307%
	Elapsed (wall clock) time (h:mm:ss or m:ss): 0:01.09
	Average shared text size (kbytes): 0
	Average unshared data size (kbytes): 0
	Average stack size (kbytes): 0
	Average total size (kbytes): 0
	Maximum resident set size (kbytes): 366188
	Average resident set size (kbytes): 0
	Major (requiring I/O) page faults: 0
	Minor (reclaiming a frame) page faults: 132959
	Voluntary context switches: 2112
	Involuntary context switches: 70
	Swaps: 0
	File system inputs: 0
	File system outputs: 0
	Socket messages sent: 0
	Socket messages received: 0
	Signals delivered: 0
	Page size (bytes): 4096
	Exit status: 0


### join rss 1000000 inner
COMMAND ['/usr/bin/time', '-v', '/tmp/cpu110_7a01b37/join_inner_end_to_end', 'build/bench_polars', '1000000', '5']
workload,rows,output_rows,best_ns
inner_join_count_prefix_fill,1000000,1000000,125641832
	Command being timed: "/tmp/cpu110_7a01b37/join_inner_end_to_end build/bench_polars 1000000 5"
	User time (seconds): 3.08
	System time (seconds): 0.51
	Percent of CPU this job got: 353%
	Elapsed (wall clock) time (h:mm:ss or m:ss): 0:01.02
	Average shared text size (kbytes): 0
	Average unshared data size (kbytes): 0
	Average stack size (kbytes): 0
	Average total size (kbytes): 0
	Maximum resident set size (kbytes): 366752
	Average resident set size (kbytes): 0
	Major (requiring I/O) page faults: 0
	Minor (reclaiming a frame) page faults: 126029
	Voluntary context switches: 2142
	Involuntary context switches: 103
	Swaps: 0
	File system inputs: 0
	File system outputs: 0
	Socket messages sent: 0
	Socket messages received: 0
	Signals delivered: 0
	Page size (bytes): 4096
	Exit status: 0


### join rss 1000000 adaptive_csr
COMMAND ['/usr/bin/time', '-v', '/tmp/cpu110_join_csr152/join_inner_csr_adaptive_end_to_end', 'build/bench_polars', '1000000', '5']
workload,rows,output_rows,best_ns
inner_join_count_prefix_fill,1000000,1000000,115152942
	Command being timed: "/tmp/cpu110_join_csr152/join_inner_csr_adaptive_end_to_end build/bench_polars 1000000 5"
	User time (seconds): 3.09
	System time (seconds): 0.49
	Percent of CPU this job got: 363%
	Elapsed (wall clock) time (h:mm:ss or m:ss): 0:00.98
	Average shared text size (kbytes): 0
	Average unshared data size (kbytes): 0
	Average stack size (kbytes): 0
	Average total size (kbytes): 0
	Maximum resident set size (kbytes): 368152
	Average resident set size (kbytes): 0
	Major (requiring I/O) page faults: 0
	Minor (reclaiming a frame) page faults: 129405
	Voluntary context switches: 2065
	Involuntary context switches: 128
	Swaps: 0
	File system inputs: 0
	File system outputs: 0
	Socket messages sent: 0
	Socket messages received: 0
	Signals delivered: 0
	Page size (bytes): 4096
	Exit status: 0


### join rss 10000000 base
COMMAND ['/usr/bin/time', '-v', '/tmp/cpu110_base/join_inner_end_to_end', 'build/bench_polars', '10000000', '3']
workload,rows,output_rows,best_ns
inner_join_count_prefix_fill,10000000,10000000,2563678046
	Command being timed: "/tmp/cpu110_base/join_inner_end_to_end build/bench_polars 10000000 3"
	User time (seconds): 43.53
	System time (seconds): 4.62
	Percent of CPU this job got: 409%
	Elapsed (wall clock) time (h:mm:ss or m:ss): 0:11.76
	Average shared text size (kbytes): 0
	Average unshared data size (kbytes): 0
	Average stack size (kbytes): 0
	Average total size (kbytes): 0
	Maximum resident set size (kbytes): 3699940
	Average resident set size (kbytes): 0
	Major (requiring I/O) page faults: 0
	Minor (reclaiming a frame) page faults: 1143988
	Voluntary context switches: 6796
	Involuntary context switches: 1624
	Swaps: 0
	File system inputs: 0
	File system outputs: 0
	Socket messages sent: 0
	Socket messages received: 0
	Signals delivered: 0
	Page size (bytes): 4096
	Exit status: 0


### join rss 10000000 inner
COMMAND ['/usr/bin/time', '-v', '/tmp/cpu110_7a01b37/join_inner_end_to_end', 'build/bench_polars', '10000000', '3']
workload,rows,output_rows,best_ns
inner_join_count_prefix_fill,10000000,10000000,1740777670
	Command being timed: "/tmp/cpu110_7a01b37/join_inner_end_to_end build/bench_polars 10000000 3"
	User time (seconds): 45.05
	System time (seconds): 4.41
	Percent of CPU this job got: 579%
	Elapsed (wall clock) time (h:mm:ss or m:ss): 0:08.54
	Average shared text size (kbytes): 0
	Average unshared data size (kbytes): 0
	Average stack size (kbytes): 0
	Average total size (kbytes): 0
	Maximum resident set size (kbytes): 3705268
	Average resident set size (kbytes): 0
	Major (requiring I/O) page faults: 0
	Minor (reclaiming a frame) page faults: 1078647
	Voluntary context switches: 6668
	Involuntary context switches: 1357
	Swaps: 0
	File system inputs: 0
	File system outputs: 0
	Socket messages sent: 0
	Socket messages received: 0
	Signals delivered: 0
	Page size (bytes): 4096
	Exit status: 0


### join rss 10000000 adaptive_csr
COMMAND ['/usr/bin/time', '-v', '/tmp/cpu110_join_csr152/join_inner_csr_adaptive_end_to_end', 'build/bench_polars', '10000000', '3']
workload,rows,output_rows,best_ns
inner_join_count_prefix_fill,10000000,10000000,1410782977
	Command being timed: "/tmp/cpu110_join_csr152/join_inner_csr_adaptive_end_to_end build/bench_polars 10000000 3"
	User time (seconds): 49.61
	System time (seconds): 4.48
	Percent of CPU this job got: 741%
	Elapsed (wall clock) time (h:mm:ss or m:ss): 0:07.29
	Average shared text size (kbytes): 0
	Average unshared data size (kbytes): 0
	Average stack size (kbytes): 0
	Average total size (kbytes): 0
	Maximum resident set size (kbytes): 3747036
	Average resident set size (kbytes): 0
	Major (requiring I/O) page faults: 0
	Minor (reclaiming a frame) page faults: 1095473
	Voluntary context switches: 6734
	Involuntary context switches: 1717
	Swaps: 0
	File system inputs: 0
	File system outputs: 0
	Socket messages sent: 0
	Socket messages received: 0
	Signals delivered: 0
	Page size (bytes): 4096
	Exit status: 0


### reduction 1000000 0 base
COMMAND ['/tmp/bench_reduce_base110', '1000000', '0']
global_sum	1713079	1	-500000.0


### reduction 1000000 0 tuned
COMMAND ['/tmp/bench_reduce_tuned110', '1000000', '0']
global_sum	204746	1	-500000.0


### reduction 1000000 7 base
COMMAND ['/tmp/bench_reduce_base110', '1000000', '7']
global_sum	1659090	1	-429071.0


### reduction 1000000 7 tuned
COMMAND ['/tmp/bench_reduce_tuned110', '1000000', '7']
global_sum	319764	1	-429071.0


### reduction 10000000 0 base
COMMAND ['/tmp/bench_reduce_base110', '10000000', '0']
global_sum	10402180	1	-5000000.0


### reduction 10000000 0 tuned
COMMAND ['/tmp/bench_reduce_tuned110', '10000000', '0']
global_sum	1499552	1	-5000000.0


### reduction 10000000 7 base
COMMAND ['/tmp/bench_reduce_base110', '10000000', '7']
global_sum	9698814	1	-4285642.0


### reduction 10000000 7 tuned
COMMAND ['/tmp/bench_reduce_tuned110', '10000000', '7']
global_sum	1714279	1	-4285642.0


### stream rss 1000000 eager
COMMAND ['/usr/bin/time', '-v', '/tmp/df_streaming_experiment/bench_streaming_109', 'build/bench_polars/left_1000000.csv', 'eager', '65536', '--rss', '22494536.199999996']
sum,22494536.199999996
batch_rows,65536
	Command being timed: "/tmp/df_streaming_experiment/bench_streaming_109 build/bench_polars/left_1000000.csv eager 65536 --rss 22494536.199999996"
	User time (seconds): 0.54
	System time (seconds): 0.16
	Percent of CPU this job got: 644%
	Elapsed (wall clock) time (h:mm:ss or m:ss): 0:00.11
	Average shared text size (kbytes): 0
	Average unshared data size (kbytes): 0
	Average stack size (kbytes): 0
	Average total size (kbytes): 0
	Maximum resident set size (kbytes): 213916
	Average resident set size (kbytes): 0
	Major (requiring I/O) page faults: 0
	Minor (reclaiming a frame) page faults: 53396
	Voluntary context switches: 1502
	Involuntary context switches: 24
	Swaps: 0
	File system inputs: 0
	File system outputs: 0
	Socket messages sent: 0
	Socket messages received: 0
	Signals delivered: 0
	Page size (bytes): 4096
	Exit status: 0


### stream rss 1000000 parallel
COMMAND ['/usr/bin/time', '-v', '/tmp/df_streaming_experiment/bench_streaming_109', 'build/bench_polars/left_1000000.csv', 'parallel', '4194304', '--rss', '22494536.199999996']
sum,22494536.199999996
batch_rows,4194304
window_bytes,4194304
	Command being timed: "/tmp/df_streaming_experiment/bench_streaming_109 build/bench_polars/left_1000000.csv parallel 4194304 --rss 22494536.199999996"
	User time (seconds): 0.81
	System time (seconds): 0.05
	Percent of CPU this job got: 998%
	Elapsed (wall clock) time (h:mm:ss or m:ss): 0:00.08
	Average shared text size (kbytes): 0
	Average unshared data size (kbytes): 0
	Average stack size (kbytes): 0
	Average total size (kbytes): 0
	Maximum resident set size (kbytes): 34700
	Average resident set size (kbytes): 0
	Major (requiring I/O) page faults: 0
	Minor (reclaiming a frame) page faults: 8010
	Voluntary context switches: 396
	Involuntary context switches: 10
	Swaps: 0
	File system inputs: 0
	File system outputs: 0
	Socket messages sent: 0
	Socket messages received: 0
	Signals delivered: 0
	Page size (bytes): 4096
	Exit status: 0


### polars stream rss 1000000 eager
COMMAND ['/usr/bin/time', '-v', 'pixi', 'run', '-e', 'oracle', 'python', 'experiments/cpu110/bench_streaming_1gb.py', 'build/bench_polars/left_1000000.csv', '--engine', 'eager', '--schema', '8', '--rss', '--expected', '22494536.199999996']
engine=eager
schema_columns=8
sum=22494536.199999996
best_ns=40586422
self_maxrss_kib=198392
	Command being timed: "pixi run -e oracle python experiments/cpu110/bench_streaming_1gb.py build/bench_polars/left_1000000.csv --engine eager --schema 8 --rss --expected 22494536.199999996"
	User time (seconds): 0.63
	System time (seconds): 0.29
	Percent of CPU this job got: 366%
	Elapsed (wall clock) time (h:mm:ss or m:ss): 0:00.25
	Average shared text size (kbytes): 0
	Average unshared data size (kbytes): 0
	Average stack size (kbytes): 0
	Average total size (kbytes): 0
	Maximum resident set size (kbytes): 198392
	Average resident set size (kbytes): 0
	Major (requiring I/O) page faults: 1
	Minor (reclaiming a frame) page faults: 54697
	Voluntary context switches: 1573
	Involuntary context switches: 43
	Swaps: 0
	File system inputs: 112
	File system outputs: 8
	Socket messages sent: 0
	Socket messages received: 0
	Signals delivered: 0
	Page size (bytes): 4096
	Exit status: 0


### polars stream rss 1000000 streaming
COMMAND ['/usr/bin/time', '-v', 'pixi', 'run', '-e', 'oracle', 'python', 'experiments/cpu110/bench_streaming_1gb.py', 'build/bench_polars/left_1000000.csv', '--engine', 'streaming', '--schema', '8', '--rss', '--expected', '22494536.199999996']
engine=streaming
schema_columns=8
sum=22494536.200000003
best_ns=69958077
self_maxrss_kib=168016
	Command being timed: "pixi run -e oracle python experiments/cpu110/bench_streaming_1gb.py build/bench_polars/left_1000000.csv --engine streaming --schema 8 --rss --expected 22494536.199999996"
	User time (seconds): 0.33
	System time (seconds): 0.21
	Percent of CPU this job got: 189%
	Elapsed (wall clock) time (h:mm:ss or m:ss): 0:00.29
	Average shared text size (kbytes): 0
	Average unshared data size (kbytes): 0
	Average stack size (kbytes): 0
	Average total size (kbytes): 0
	Maximum resident set size (kbytes): 168016
	Average resident set size (kbytes): 0
	Major (requiring I/O) page faults: 11
	Minor (reclaiming a frame) page faults: 37564
	Voluntary context switches: 1300
	Involuntary context switches: 39
	Swaps: 0
	File system inputs: 1200
	File system outputs: 8
	Socket messages sent: 0
	Socket messages received: 0
	Signals delivered: 0
	Page size (bytes): 4096
	Exit status: 0


### stream repeated 1000000
COMMAND ['/tmp/df_streaming_experiment/bench_streaming_109', 'build/bench_polars/left_1000000.csv', 'parallel', '4194304']
iteration,1
pipeline_ns,54396200
iteration,2
pipeline_ns,52944077
iteration,3
pipeline_ns,52407506
iteration,4
pipeline_ns,57996465
iteration,5
pipeline_ns,53679483
iteration,6
pipeline_ns,52132431
iteration,7
pipeline_ns,54291922
sum,22494536.199999962
batch_rows,4194304
window_bytes,4194304


### polars repeated 1000000 eager
COMMAND ['pixi', 'run', '-e', 'oracle', 'python', 'experiments/cpu110/bench_streaming_1gb.py', 'build/bench_polars/left_1000000.csv', '--engine', 'eager', '--schema', '8', '--reps', '7', '--expected', '22494536.199999996']
engine=eager
schema_columns=8
sum=22494536.199999996
best_ns=34030400
self_maxrss_kib=277812


### polars repeated 1000000 streaming
COMMAND ['pixi', 'run', '-e', 'oracle', 'python', 'experiments/cpu110/bench_streaming_1gb.py', 'build/bench_polars/left_1000000.csv', '--engine', 'streaming', '--schema', '8', '--reps', '7', '--expected', '22494536.199999996']
engine=streaming
schema_columns=8
sum=22494536.200000003
best_ns=31376439
self_maxrss_kib=420568


### stream rss 10000000 eager
COMMAND ['/usr/bin/time', '-v', '/tmp/df_streaming_experiment/bench_streaming_109', 'build/bench_polars/left_10000000.csv', 'eager', '65536', '--rss', '224846755.66000003']
sum,224846755.66000003
batch_rows,65536
	Command being timed: "/tmp/df_streaming_experiment/bench_streaming_109 build/bench_polars/left_10000000.csv eager 65536 --rss 224846755.66000003"
	User time (seconds): 5.66
	System time (seconds): 1.57
	Percent of CPU this job got: 839%
	Elapsed (wall clock) time (h:mm:ss or m:ss): 0:00.86
	Average shared text size (kbytes): 0
	Average unshared data size (kbytes): 0
	Average stack size (kbytes): 0
	Average total size (kbytes): 0
	Maximum resident set size (kbytes): 2022868
	Average resident set size (kbytes): 0
	Major (requiring I/O) page faults: 0
	Minor (reclaiming a frame) page faults: 516672
	Voluntary context switches: 4763
	Involuntary context switches: 100
	Swaps: 0
	File system inputs: 0
	File system outputs: 0
	Socket messages sent: 0
	Socket messages received: 0
	Signals delivered: 0
	Page size (bytes): 4096
	Exit status: 0


### stream rss 10000000 parallel
COMMAND ['/usr/bin/time', '-v', '/tmp/df_streaming_experiment/bench_streaming_109', 'build/bench_polars/left_10000000.csv', 'parallel', '4194304', '--rss', '224846755.66000003']
sum,224846755.66000003
batch_rows,4194304
window_bytes,4194304
	Command being timed: "/tmp/df_streaming_experiment/bench_streaming_109 build/bench_polars/left_10000000.csv parallel 4194304 --rss 224846755.66000003"
	User time (seconds): 7.36
	System time (seconds): 0.11
	Percent of CPU this job got: 1346%
	Elapsed (wall clock) time (h:mm:ss or m:ss): 0:00.55
	Average shared text size (kbytes): 0
	Average unshared data size (kbytes): 0
	Average stack size (kbytes): 0
	Average total size (kbytes): 0
	Maximum resident set size (kbytes): 34724
	Average resident set size (kbytes): 0
	Major (requiring I/O) page faults: 0
	Minor (reclaiming a frame) page faults: 8012
	Voluntary context switches: 2237
	Involuntary context switches: 23
	Swaps: 0
	File system inputs: 0
	File system outputs: 0
	Socket messages sent: 0
	Socket messages received: 0
	Signals delivered: 0
	Page size (bytes): 4096
	Exit status: 0


### polars stream rss 10000000 eager
COMMAND ['/usr/bin/time', '-v', 'pixi', 'run', '-e', 'oracle', 'python', 'experiments/cpu110/bench_streaming_1gb.py', 'build/bench_polars/left_10000000.csv', '--engine', 'eager', '--schema', '8', '--rss', '--expected', '224846755.66000003']
engine=eager
schema_columns=8
sum=224846755.66000003
best_ns=176694932
self_maxrss_kib=1281140
	Command being timed: "pixi run -e oracle python experiments/cpu110/bench_streaming_1gb.py build/bench_polars/left_10000000.csv --engine eager --schema 8 --rss --expected 224846755.66000003"
	User time (seconds): 3.48
	System time (seconds): 1.35
	Percent of CPU this job got: 928%
	Elapsed (wall clock) time (h:mm:ss or m:ss): 0:00.52
	Average shared text size (kbytes): 0
	Average unshared data size (kbytes): 0
	Average stack size (kbytes): 0
	Average total size (kbytes): 0
	Maximum resident set size (kbytes): 1281140
	Average resident set size (kbytes): 0
	Major (requiring I/O) page faults: 0
	Minor (reclaiming a frame) page faults: 299407
	Voluntary context switches: 2496
	Involuntary context switches: 33
	Swaps: 0
	File system inputs: 0
	File system outputs: 8
	Socket messages sent: 0
	Socket messages received: 0
	Signals delivered: 0
	Page size (bytes): 4096
	Exit status: 0


### polars stream rss 10000000 streaming
COMMAND ['/usr/bin/time', '-v', 'pixi', 'run', '-e', 'oracle', 'python', 'experiments/cpu110/bench_streaming_1gb.py', 'build/bench_polars/left_10000000.csv', '--engine', 'streaming', '--schema', '8', '--rss', '--expected', '224846755.66000003']
engine=streaming
schema_columns=8
sum=224846755.66
best_ns=332955612
self_maxrss_kib=906416
	Command being timed: "pixi run -e oracle python experiments/cpu110/bench_streaming_1gb.py build/bench_polars/left_10000000.csv --engine streaming --schema 8 --rss --expected 224846755.66000003"
	User time (seconds): 2.26
	System time (seconds): 0.43
	Percent of CPU this job got: 438%
	Elapsed (wall clock) time (h:mm:ss or m:ss): 0:00.61
	Average shared text size (kbytes): 0
	Average unshared data size (kbytes): 0
	Average stack size (kbytes): 0
	Average total size (kbytes): 0
	Maximum resident set size (kbytes): 906416
	Average resident set size (kbytes): 0
	Major (requiring I/O) page faults: 0
	Minor (reclaiming a frame) page faults: 107816
	Voluntary context switches: 2239
	Involuntary context switches: 60
	Swaps: 0
	File system inputs: 0
	File system outputs: 8
	Socket messages sent: 0
	Socket messages received: 0
	Signals delivered: 0
	Page size (bytes): 4096
	Exit status: 0


### stream repeated 10000000
COMMAND ['/tmp/df_streaming_experiment/bench_streaming_109', 'build/bench_polars/left_10000000.csv', 'parallel', '4194304']
iteration,1
pipeline_ns,533010995
iteration,2
pipeline_ns,561157190
iteration,3
pipeline_ns,526164666
iteration,4
pipeline_ns,516190137
iteration,5
pipeline_ns,546905943
iteration,6
pipeline_ns,524744848
iteration,7
pipeline_ns,522063984
sum,224846755.65999934
batch_rows,4194304
window_bytes,4194304


### polars repeated 10000000 eager
COMMAND ['pixi', 'run', '-e', 'oracle', 'python', 'experiments/cpu110/bench_streaming_1gb.py', 'build/bench_polars/left_10000000.csv', '--engine', 'eager', '--schema', '8', '--reps', '7', '--expected', '224846755.66000003']
engine=eager
schema_columns=8
sum=224846755.66000003
best_ns=123684988
self_maxrss_kib=1849652


### polars repeated 10000000 streaming
COMMAND ['pixi', 'run', '-e', 'oracle', 'python', 'experiments/cpu110/bench_streaming_1gb.py', 'build/bench_polars/left_10000000.csv', '--engine', 'streaming', '--schema', '8', '--reps', '7', '--expected', '224846755.66000003']
engine=streaming
schema_columns=8
sum=224846755.66
best_ns=273561232
self_maxrss_kib=1119348


### stream rss 20000000 eager
COMMAND ['/usr/bin/time', '-v', '/tmp/df_streaming_experiment/bench_streaming_109_10col', 'build/cpu110_streaming_1gb.csv', 'eager', '65536', '--rss', '449890723.99999994']
sum,449890723.99999994
batch_rows,65536
	Command being timed: "/tmp/df_streaming_experiment/bench_streaming_109_10col build/cpu110_streaming_1gb.csv eager 65536 --rss 449890723.99999994"
	User time (seconds): 13.31
	System time (seconds): 4.20
	Percent of CPU this job got: 917%
	Elapsed (wall clock) time (h:mm:ss or m:ss): 0:01.90
	Average shared text size (kbytes): 0
	Average unshared data size (kbytes): 0
	Average stack size (kbytes): 0
	Average total size (kbytes): 0
	Maximum resident set size (kbytes): 4786908
	Average resident set size (kbytes): 0
	Major (requiring I/O) page faults: 0
	Minor (reclaiming a frame) page faults: 1286675
	Voluntary context switches: 9042
	Involuntary context switches: 788
	Swaps: 0
	File system inputs: 0
	File system outputs: 0
	Socket messages sent: 0
	Socket messages received: 0
	Signals delivered: 0
	Page size (bytes): 4096
	Exit status: 0


### stream rss 20000000 parallel
COMMAND ['/usr/bin/time', '-v', '/tmp/df_streaming_experiment/bench_streaming_109_10col', 'build/cpu110_streaming_1gb.csv', 'parallel', '4194304', '--rss', '449890723.99999994']
sum,449890723.99999994
batch_rows,4194304
window_bytes,4194304
	Command being timed: "/tmp/df_streaming_experiment/bench_streaming_109_10col build/cpu110_streaming_1gb.csv parallel 4194304 --rss 449890723.99999994"
	User time (seconds): 17.37
	System time (seconds): 0.17
	Percent of CPU this job got: 1398%
	Elapsed (wall clock) time (h:mm:ss or m:ss): 0:01.25
	Average shared text size (kbytes): 0
	Average unshared data size (kbytes): 0
	Average stack size (kbytes): 0
	Average total size (kbytes): 0
	Maximum resident set size (kbytes): 34112
	Average resident set size (kbytes): 0
	Major (requiring I/O) page faults: 0
	Minor (reclaiming a frame) page faults: 8081
	Voluntary context switches: 4767
	Involuntary context switches: 105
	Swaps: 0
	File system inputs: 0
	File system outputs: 0
	Socket messages sent: 0
	Socket messages received: 0
	Signals delivered: 0
	Page size (bytes): 4096
	Exit status: 0


### polars stream rss 20000000 eager
COMMAND ['/usr/bin/time', '-v', 'pixi', 'run', '-e', 'oracle', 'python', 'experiments/cpu110/bench_streaming_1gb.py', 'build/cpu110_streaming_1gb.csv', '--engine', 'eager', '--schema', '10', '--rss', '--expected', '449890723.99999994']
engine=eager
schema_columns=10
sum=449890723.99999994
best_ns=378829024
self_maxrss_kib=2926700
	Command being timed: "pixi run -e oracle python experiments/cpu110/bench_streaming_1gb.py build/cpu110_streaming_1gb.csv --engine eager --schema 10 --rss --expected 449890723.99999994"
	User time (seconds): 8.48
	System time (seconds): 2.83
	Percent of CPU this job got: 1249%
	Elapsed (wall clock) time (h:mm:ss or m:ss): 0:00.90
	Average shared text size (kbytes): 0
	Average unshared data size (kbytes): 0
	Average stack size (kbytes): 0
	Average total size (kbytes): 0
	Maximum resident set size (kbytes): 2926700
	Average resident set size (kbytes): 0
	Major (requiring I/O) page faults: 0
	Minor (reclaiming a frame) page faults: 679468
	Voluntary context switches: 4362
	Involuntary context switches: 78
	Swaps: 0
	File system inputs: 0
	File system outputs: 8
	Socket messages sent: 0
	Socket messages received: 0
	Signals delivered: 0
	Page size (bytes): 4096
	Exit status: 0


### polars stream rss 20000000 streaming
COMMAND ['/usr/bin/time', '-v', 'pixi', 'run', '-e', 'oracle', 'python', 'experiments/cpu110/bench_streaming_1gb.py', 'build/cpu110_streaming_1gb.csv', '--engine', 'streaming', '--schema', '10', '--rss', '--expected', '449890723.99999994']
engine=streaming
schema_columns=10
sum=449890723.99999994
best_ns=566096757
self_maxrss_kib=1549524
	Command being timed: "pixi run -e oracle python experiments/cpu110/bench_streaming_1gb.py build/cpu110_streaming_1gb.csv --engine streaming --schema 10 --rss --expected 449890723.99999994"
	User time (seconds): 4.86
	System time (seconds): 0.44
	Percent of CPU this job got: 645%
	Elapsed (wall clock) time (h:mm:ss or m:ss): 0:00.82
	Average shared text size (kbytes): 0
	Average unshared data size (kbytes): 0
	Average stack size (kbytes): 0
	Average total size (kbytes): 0
	Maximum resident set size (kbytes): 1549524
	Average resident set size (kbytes): 0
	Major (requiring I/O) page faults: 0
	Minor (reclaiming a frame) page faults: 119302
	Voluntary context switches: 3700
	Involuntary context switches: 76
	Swaps: 0
	File system inputs: 0
	File system outputs: 8
	Socket messages sent: 0
	Socket messages received: 0
	Signals delivered: 0
	Page size (bytes): 4096
	Exit status: 0


### polars parquet
COMMAND ['pixi', 'run', '-e', 'oracle', 'python', 'experiments/cpu110/bench_parquet_polars.py', 'build/cpu110_parquet/left_10000000_SNAPPY_1.parquet', 'build/cpu110_parquet/left_1000000_LZ4_0.parquet', 'build/cpu110_parquet/left_1000000_LZ4_1.parquet', 'build/cpu110_parquet/left_1000000_NONE_0.parquet', 'build/cpu110_parquet/left_1000000_NONE_1.parquet', 'build/cpu110_parquet/left_1000000_SNAPPY_0.parquet', 'build/cpu110_parquet/left_1000000_SNAPPY_1.parquet', 'build/cpu110_parquet/left_1000000_ZSTD_0.parquet', 'build/cpu110_parquet/left_1000000_ZSTD_1.parquet']
{"file": "build/cpu110_parquet/left_10000000_SNAPPY_1.parquet", "rows": 10000000, "bytes": 173072594, "best_ns": 56012902, "x_sum": -157877.81, "polars": "1.44.2", "threads": 32}
{"file": "build/cpu110_parquet/left_1000000_LZ4_0.parquet", "rows": 1000000, "bytes": 27312216, "best_ns": 52660264, "x_sum": -2151.3799999999874, "polars": "1.44.2", "threads": 32}
{"file": "build/cpu110_parquet/left_1000000_LZ4_1.parquet", "rows": 1000000, "bytes": 14081035, "best_ns": 18505130, "x_sum": -2151.3799999999874, "polars": "1.44.2", "threads": 32}
{"file": "build/cpu110_parquet/left_1000000_NONE_0.parquet", "rows": 1000000, "bytes": 69406597, "best_ns": 23044547, "x_sum": -2151.3799999999874, "polars": "1.44.2", "threads": 32}
{"file": "build/cpu110_parquet/left_1000000_NONE_1.parquet", "rows": 1000000, "bytes": 18083365, "best_ns": 26254378, "x_sum": -2151.3799999999874, "polars": "1.44.2", "threads": 32}
{"file": "build/cpu110_parquet/left_1000000_SNAPPY_0.parquet", "rows": 1000000, "bytes": 27041102, "best_ns": 93272797, "x_sum": -2151.3799999999874, "polars": "1.44.2", "threads": 32}
{"file": "build/cpu110_parquet/left_1000000_SNAPPY_1.parquet", "rows": 1000000, "bytes": 14460086, "best_ns": 31089829, "x_sum": -2151.3799999999874, "polars": "1.44.2", "threads": 32}
{"file": "build/cpu110_parquet/left_1000000_ZSTD_0.parquet", "rows": 1000000, "bytes": 16514783, "best_ns": 119338387, "x_sum": -2151.3799999999874, "polars": "1.44.2", "threads": 32}
{"file": "build/cpu110_parquet/left_1000000_ZSTD_1.parquet", "rows": 1000000, "bytes": 12513822, "best_ns": 34487267, "x_sum": -2151.3799999999874, "polars": "1.44.2", "threads": 32}

