micro 0 build/bench_numeric149
plain_ns,129715093
wide_ns,288498505
exponent_ns,1827747461


micro 0 /tmp/bench_exponent_fallback110
plain_ns,128438523
wide_ns,278979220
exponent_ns,271999514


micro 0 /tmp/bench_float32_base152
short_ns,255794713
fallback_ns,1387144807


micro 0 /tmp/bench_float32_subset152
short_ns,238516498
fallback_ns,1861674972


micro 0 /tmp/bench_parse_integer_widths_base152
u8_ns,72558363
i16_ns,131779437
i32_ns,250094630
u64_ns,533330014


micro 0 /tmp/bench_parse_integer_widths_short152
u8_ns,71494438
i16_ns,82002542
i32_ns,121842760
u64_ns,214880723


micro 0 /tmp/bench_parse_integer_two_digits_base152
u8_2_ns,70909971
i16_2_ns,80239383
i32_2_ns,78532053
u64_2_ns,79069981


micro 0 /tmp/bench_parse_integer_two_digits_short152
u8_2_ns,71448279
i16_2_ns,74619885
i32_2_ns,69915055
u64_2_ns,67873792


micro 1 build/bench_numeric149
plain_ns,129390874
wide_ns,286026570
exponent_ns,1820207545


micro 1 /tmp/bench_exponent_fallback110
plain_ns,132655538
wide_ns,288548934
exponent_ns,280527251


micro 1 /tmp/bench_float32_base152
short_ns,251352913
fallback_ns,1384037705


micro 1 /tmp/bench_float32_subset152
short_ns,245808504
fallback_ns,1877777823


micro 1 /tmp/bench_parse_integer_widths_base152
u8_ns,70906033
i16_ns,130567559
i32_ns,248905043
u64_ns,530766358


micro 1 /tmp/bench_parse_integer_widths_short152
u8_ns,71078709
i16_ns,82857114
i32_ns,121745485
u64_ns,215634102


micro 1 /tmp/bench_parse_integer_two_digits_base152
u8_2_ns,72190284
i16_2_ns,81364579
i32_2_ns,81025247
u64_2_ns,82377525


micro 1 /tmp/bench_parse_integer_two_digits_short152
u8_2_ns,71809613
i16_2_ns,74335964
i32_2_ns,69601984
u64_2_ns,67656199


micro 2 build/bench_numeric149
plain_ns,133234847
wide_ns,292581104
exponent_ns,1846492748


micro 2 /tmp/bench_exponent_fallback110
plain_ns,132876746
wide_ns,289334172
exponent_ns,281852418


micro 2 /tmp/bench_float32_base152
short_ns,253855702
fallback_ns,1388810989


micro 2 /tmp/bench_float32_subset152
short_ns,240765249
fallback_ns,1877993376


micro 2 /tmp/bench_parse_integer_widths_base152
u8_ns,71474922
i16_ns,131002622
i32_ns,249159314
u64_ns,530180095


micro 2 /tmp/bench_parse_integer_widths_short152
u8_ns,71473792
i16_ns,81556357
i32_ns,120607605
u64_ns,213483737


micro 2 /tmp/bench_parse_integer_two_digits_base152
u8_2_ns,71295056
i16_2_ns,79845946
i32_2_ns,79262090
u64_2_ns,79490345


micro 2 /tmp/bench_parse_integer_two_digits_short152
u8_2_ns,70365158
i16_2_ns,73128593
i32_2_ns,68541361
u64_2_ns,66261293


reduction 1 0 base110
global_sum	4993433	1	-500000.0


reduction 1 0 mask110
global_sum	361951	1	-500000.0


reduction 1 7 base110
global_sum	4569593	1	-429071.0


reduction 1 7 mask110
global_sum	832691	1	-429071.0


dictionary 1 100
encode_ns,27268853
string_group_ns,39555307
code_group_ns,23312366
string_payload_bytes,28125008
dictionary_payload_bytes,4127821


dictionary 1 100000
encode_ns,42448989
string_group_ns,59243468
code_group_ns,34568973
string_payload_bytes,28125008
dictionary_payload_bytes,6937508


pool rows=100000 threads=1
startup_ns,40
pooled,False,best_ns,173326,mean_ns,174842
pooled,True,best_ns,173246,mean_ns,175644


pool rows=1000000 threads=1
startup_ns,20
pooled,False,best_ns,1767799,mean_ns,1782431
pooled,True,best_ns,1770989,mean_ns,1784830


sort_parallel_radix_experiment threads=1
workload,rows,workers,merge_ns,parallel_radix_ns
encoded_signed_rank_only_repeated_int64,1000000,2,270724935,118283690


sort_parallel_topk_experiment threads=1
workload,rows,k,workers,serial_ns,parallel_ns
encoded_rank_only_repeated_int64,1000000,10,2,4624532,2429054


reduction 32 0 base110
global_sum	1616503	1	-500000.0


reduction 32 0 mask110
global_sum	631515	1	-500000.0


reduction 32 7 base110
global_sum	1551664	1	-429071.0


reduction 32 7 mask110
global_sum	701534	1	-429071.0


dictionary 32 100
encode_ns,27819461
string_group_ns,37765319
code_group_ns,20412674
string_payload_bytes,28125008
dictionary_payload_bytes,4127821


dictionary 32 100000
encode_ns,41731456
string_group_ns,38516142
code_group_ns,19759810
string_payload_bytes,28125008
dictionary_payload_bytes,6937508


pool rows=100000 threads=32
startup_ns,1308189
pooled,False,best_ns,2719397,mean_ns,2857022
pooled,True,best_ns,68019,mean_ns,94825


pool rows=1000000 threads=32
startup_ns,1347368
pooled,False,best_ns,2931932,mean_ns,3129007
pooled,True,best_ns,495878,mean_ns,533281


sort_parallel_radix_experiment threads=32
workload,rows,workers,merge_ns,parallel_radix_ns
encoded_signed_rank_only_repeated_int64,1000000,32,30055139,97012308


sort_parallel_topk_experiment threads=32
workload,rows,k,workers,serial_ns,parallel_ns
encoded_rank_only_repeated_int64,1000000,10,32,4798188,2139750


projection all base110
projection,all,22246481,1000000


projection all 110
projection,all,21847141,1000000


projection key_low base110
projection,key_low,16480876,1000000


projection key_low 110
projection,key_low,17403224,1000000


projection x base110
projection,x,16150703,1000000


projection x 110
projection,x,17419934,1000000


projection n base110
projection,n,16435227,1000000


projection n 110
projection,n,17577450,1000000


join phases 1000000
phase,best_ns,rows
joint_key_encode,92051794,1000000
right_csr,8591380,1000000
ordered_match_expand,20567270,1000000
left_gather_8_columns,39997098,1000000
right_gather_1_column,4842207,1000000


join phases 10000000
phase,best_ns,rows
joint_key_encode,897785500,10000000
right_csr,496651368,10000000
ordered_match_expand,847150773,10000000
left_gather_8_columns,147711459,10000000
right_gather_1_column,39717504,10000000


streaming eager 1M
iteration,1
pipeline_ns,46366090
iteration,2
pipeline_ns,43077966
iteration,3
pipeline_ns,42075680
iteration,4
pipeline_ns,39994158
iteration,5
pipeline_ns,41510823
iteration,6
pipeline_ns,39276505
iteration,7
pipeline_ns,38852856
sum,22494536.199999962
batch_rows,8192


streaming stream 1M
iteration,1
pipeline_ns,505767551
iteration,2
pipeline_ns,506018646
iteration,3
pipeline_ns,504667398
iteration,4
pipeline_ns,503600114
iteration,5
pipeline_ns,504090323
iteration,6
pipeline_ns,504190701
iteration,7
pipeline_ns,505211268
sum,22494536.199999962
batch_rows,8192


RSS chunked 1000000 contiguous
iteration,1
read_ns,26807316
consume_ns,240
iteration,2
read_ns,22293991
consume_ns,260
iteration,3
read_ns,22623033
consume_ns,230
iteration,4
read_ns,22002358
consume_ns,230
iteration,5
read_ns,22484836
consume_ns,240
iteration,6
read_ns,23020614
consume_ns,230
iteration,7
read_ns,22697832
consume_ns,590
rows,1000000
chunks,1

	Command being timed: "/tmp/df_chunked_experiment/bench_chunked_csv build/bench_polars/left_1000000.csv contiguous read --rss"
	User time (seconds): 4.06
	System time (seconds): 0.42
	Percent of CPU this job got: 1355%
	Elapsed (wall clock) time (h:mm:ss or m:ss): 0:00.33
	Average shared text size (kbytes): 0
	Average unshared data size (kbytes): 0
	Average stack size (kbytes): 0
	Average total size (kbytes): 0
	Maximum resident set size (kbytes): 296940
	Average resident set size (kbytes): 0
	Major (requiring I/O) page faults: 0
	Minor (reclaiming a frame) page faults: 82650
	Voluntary context switches: 7856
	Involuntary context switches: 90
	Swaps: 0
	File system inputs: 0
	File system outputs: 0
	Socket messages sent: 0
	Socket messages received: 0
	Signals delivered: 0
	Page size (bytes): 4096
	Exit status: 0

RSS chunked 1000000 chunked
iteration,1
read_ns,15643676
consume_ns,220
iteration,2
read_ns,15657625
consume_ns,370
iteration,3
read_ns,16129464
consume_ns,300
iteration,4
read_ns,17170610
consume_ns,310
iteration,5
read_ns,15058449
consume_ns,360
iteration,6
read_ns,16134534
consume_ns,220
iteration,7
read_ns,16470516
consume_ns,290
rows,1000000
chunks,256

	Command being timed: "/tmp/df_chunked_experiment/bench_chunked_csv build/bench_polars/left_1000000.csv chunked read --rss"
	User time (seconds): 3.76
	System time (seconds): 0.29
	Percent of CPU this job got: 1930%
	Elapsed (wall clock) time (h:mm:ss or m:ss): 0:00.21
	Average shared text size (kbytes): 0
	Average unshared data size (kbytes): 0
	Average stack size (kbytes): 0
	Average total size (kbytes): 0
	Maximum resident set size (kbytes): 219236
	Average resident set size (kbytes): 0
	Major (requiring I/O) page faults: 0
	Minor (reclaiming a frame) page faults: 47654
	Voluntary context switches: 7561
	Involuntary context switches: 101
	Swaps: 0
	File system inputs: 0
	File system outputs: 0
	Socket messages sent: 0
	Socket messages received: 0
	Signals delivered: 0
	Page size (bytes): 4096
	Exit status: 0

RSS chunked 10000000 contiguous
iteration,1
read_ns,202678553
consume_ns,280
iteration,2
read_ns,186975609
consume_ns,140
iteration,3
read_ns,188987231
consume_ns,270
iteration,4
read_ns,172142093
consume_ns,300
iteration,5
read_ns,167039773
consume_ns,270
iteration,6
read_ns,165829531
consume_ns,280
iteration,7
read_ns,169784539
consume_ns,280
rows,10000000
chunks,1

	Command being timed: "/tmp/df_chunked_experiment/bench_chunked_csv build/bench_polars/left_10000000.csv contiguous read --rss"
	User time (seconds): 35.44
	System time (seconds): 2.85
	Percent of CPU this job got: 1426%
	Elapsed (wall clock) time (h:mm:ss or m:ss): 0:02.68
	Average shared text size (kbytes): 0
	Average unshared data size (kbytes): 0
	Average stack size (kbytes): 0
	Average total size (kbytes): 0
	Maximum resident set size (kbytes): 3041652
	Average resident set size (kbytes): 0
	Major (requiring I/O) page faults: 0
	Minor (reclaiming a frame) page faults: 936096
	Voluntary context switches: 10826
	Involuntary context switches: 179
	Swaps: 0
	File system inputs: 0
	File system outputs: 0
	Socket messages sent: 0
	Socket messages received: 0
	Signals delivered: 0
	Page size (bytes): 4096
	Exit status: 0

RSS chunked 10000000 chunked
iteration,1
read_ns,130184731
consume_ns,390
iteration,2
read_ns,128036301
consume_ns,360
iteration,3
read_ns,134814753
consume_ns,440
iteration,4
read_ns,131368643
consume_ns,310
iteration,5
read_ns,126593394
consume_ns,290
iteration,6
read_ns,132766640
consume_ns,290
iteration,7
read_ns,128912140
consume_ns,400
rows,10000000
chunks,256

	Command being timed: "/tmp/df_chunked_experiment/bench_chunked_csv build/bench_polars/left_10000000.csv chunked read --rss"
	User time (seconds): 33.28
	System time (seconds): 1.78
	Percent of CPU this job got: 2212%
	Elapsed (wall clock) time (h:mm:ss or m:ss): 0:01.58
	Average shared text size (kbytes): 0
	Average unshared data size (kbytes): 0
	Average stack size (kbytes): 0
	Average total size (kbytes): 0
	Maximum resident set size (kbytes): 2120580
	Average resident set size (kbytes): 0
	Major (requiring I/O) page faults: 0
	Minor (reclaiming a frame) page faults: 561527
	Voluntary context switches: 10177
	Involuntary context switches: 226
	Swaps: 0
	File system inputs: 0
	File system outputs: 0
	Socket messages sent: 0
	Socket messages received: 0
	Signals delivered: 0
	Page size (bytes): 4096
	Exit status: 0

parquet left_10000000_SNAPPY_1.parquet

stack trace was not collected. Enable stack trace collection with environment variable `MODULAR_DEBUG=stack-trace-on-error`
Unhandled exception caught during execution: Cannot return a numpy.ndarray if NumPy is not present

parquet left_1000000_LZ4_0.parquet

stack trace was not collected. Enable stack trace collection with environment variable `MODULAR_DEBUG=stack-trace-on-error`
Unhandled exception caught during execution: Cannot return a numpy.ndarray if NumPy is not present

parquet left_1000000_LZ4_1.parquet

stack trace was not collected. Enable stack trace collection with environment variable `MODULAR_DEBUG=stack-trace-on-error`
Unhandled exception caught during execution: Cannot return a numpy.ndarray if NumPy is not present

parquet left_1000000_NONE_0.parquet

stack trace was not collected. Enable stack trace collection with environment variable `MODULAR_DEBUG=stack-trace-on-error`
Unhandled exception caught during execution: Cannot return a numpy.ndarray if NumPy is not present

parquet left_1000000_NONE_1.parquet

stack trace was not collected. Enable stack trace collection with environment variable `MODULAR_DEBUG=stack-trace-on-error`
Unhandled exception caught during execution: Cannot return a numpy.ndarray if NumPy is not present

parquet left_1000000_SNAPPY_0.parquet

stack trace was not collected. Enable stack trace collection with environment variable `MODULAR_DEBUG=stack-trace-on-error`
Unhandled exception caught during execution: Cannot return a numpy.ndarray if NumPy is not present

parquet left_1000000_SNAPPY_1.parquet

stack trace was not collected. Enable stack trace collection with environment variable `MODULAR_DEBUG=stack-trace-on-error`
Unhandled exception caught during execution: Cannot return a numpy.ndarray if NumPy is not present

parquet left_1000000_ZSTD_0.parquet

stack trace was not collected. Enable stack trace collection with environment variable `MODULAR_DEBUG=stack-trace-on-error`
Unhandled exception caught during execution: Cannot return a numpy.ndarray if NumPy is not present

parquet left_1000000_ZSTD_1.parquet

stack trace was not collected. Enable stack trace collection with environment variable `MODULAR_DEBUG=stack-trace-on-error`
Unhandled exception caught during execution: Cannot return a numpy.ndarray if NumPy is not present

